// Jest Snapshot v1, https://goo.gl/fbAQLP

exports[`Matches the snapshot appStack 1`] = `
{
  "Mappings": {
    "LatestNodeRuntimeMap": {
      "af-south-1": {
        "value": "nodejs20.x",
      },
      "ap-east-1": {
        "value": "nodejs20.x",
      },
      "ap-northeast-1": {
        "value": "nodejs20.x",
      },
      "ap-northeast-2": {
        "value": "nodejs20.x",
      },
      "ap-northeast-3": {
        "value": "nodejs20.x",
      },
      "ap-south-1": {
        "value": "nodejs20.x",
      },
      "ap-south-2": {
        "value": "nodejs20.x",
      },
      "ap-southeast-1": {
        "value": "nodejs20.x",
      },
      "ap-southeast-2": {
        "value": "nodejs20.x",
      },
      "ap-southeast-3": {
        "value": "nodejs20.x",
      },
      "ap-southeast-4": {
        "value": "nodejs20.x",
      },
      "ap-southeast-5": {
        "value": "nodejs20.x",
      },
      "ap-southeast-7": {
        "value": "nodejs20.x",
      },
      "ca-central-1": {
        "value": "nodejs20.x",
      },
      "ca-west-1": {
        "value": "nodejs20.x",
      },
      "cn-north-1": {
        "value": "nodejs18.x",
      },
      "cn-northwest-1": {
        "value": "nodejs18.x",
      },
      "eu-central-1": {
        "value": "nodejs20.x",
      },
      "eu-central-2": {
        "value": "nodejs20.x",
      },
      "eu-isoe-west-1": {
        "value": "nodejs18.x",
      },
      "eu-north-1": {
        "value": "nodejs20.x",
      },
      "eu-south-1": {
        "value": "nodejs20.x",
      },
      "eu-south-2": {
        "value": "nodejs20.x",
      },
      "eu-west-1": {
        "value": "nodejs20.x",
      },
      "eu-west-2": {
        "value": "nodejs20.x",
      },
      "eu-west-3": {
        "value": "nodejs20.x",
      },
      "il-central-1": {
        "value": "nodejs20.x",
      },
      "me-central-1": {
        "value": "nodejs20.x",
      },
      "me-south-1": {
        "value": "nodejs20.x",
      },
      "mx-central-1": {
        "value": "nodejs20.x",
      },
      "sa-east-1": {
        "value": "nodejs20.x",
      },
      "us-east-1": {
        "value": "nodejs20.x",
      },
      "us-east-2": {
        "value": "nodejs20.x",
      },
      "us-gov-east-1": {
        "value": "nodejs18.x",
      },
      "us-gov-west-1": {
        "value": "nodejs18.x",
      },
      "us-iso-east-1": {
        "value": "nodejs18.x",
      },
      "us-iso-west-1": {
        "value": "nodejs18.x",
      },
      "us-isob-east-1": {
        "value": "nodejs18.x",
      },
      "us-west-1": {
        "value": "nodejs20.x",
      },
      "us-west-2": {
        "value": "nodejs20.x",
      },
    },
  },
  "Parameters": {
    "BootstrapVersion": {
      "Default": "/cdk-bootstrap/hnb659fds/version",
      "Description": "Version of the CDK Bootstrap resources in this environment, automatically retrieved from SSM Parameter Store. [cdk:skip]",
      "Type": "AWS::SSM::Parameter::Value<String>",
    },
  },
  "Resources": {
    "CustomS3AutoDeleteObjectsCustomResourceProviderHandler9D90184F": {
      "DependsOn": [
        "CustomS3AutoDeleteObjectsCustomResourceProviderRole3B1BD092",
      ],
      "Properties": {
        "Code": {
          "S3Bucket": {
            "Fn::Sub": "cdk-hnb659fds-assets-\${AWS::AccountId}-\${AWS::Region}",
          },
          "S3Key": "faa95a81ae7d7373f3e1f242268f904eb748d8d0fdd306e8a6fe515a1905a7d6.zip",
        },
        "Description": {
          "Fn::Join": [
            "",
            [
              "Lambda function for auto-deleting objects in ",
              {
                "Ref": "s33540A64F",
              },
              " S3 bucket.",
            ],
          ],
        },
        "Handler": "index.handler",
        "MemorySize": 128,
        "Role": {
          "Fn::GetAtt": [
            "CustomS3AutoDeleteObjectsCustomResourceProviderRole3B1BD092",
            "Arn",
          ],
        },
        "Runtime": {
          "Fn::FindInMap": [
            "LatestNodeRuntimeMap",
            {
              "Ref": "AWS::Region",
            },
            "value",
          ],
        },
        "Timeout": 900,
      },
      "Type": "AWS::Lambda::Function",
    },
    "CustomS3AutoDeleteObjectsCustomResourceProviderRole3B1BD092": {
      "Properties": {
        "AssumeRolePolicyDocument": {
          "Statement": [
            {
              "Action": "sts:AssumeRole",
              "Effect": "Allow",
              "Principal": {
                "Service": "lambda.amazonaws.com",
              },
            },
          ],
          "Version": "2012-10-17",
        },
        "ManagedPolicyArns": [
          {
            "Fn::Sub": "arn:\${AWS::Partition}:iam::aws:policy/service-role/AWSLambdaBasicExecutionRole",
          },
        ],
      },
      "Type": "AWS::IAM::Role",
    },
    "s33540A64F": {
      "DeletionPolicy": "Delete",
      "Properties": {
        "BucketEncryption": {
          "ServerSideEncryptionConfiguration": [
            {
              "ServerSideEncryptionByDefault": {
                "SSEAlgorithm": "AES256",
              },
            },
          ],
        },
        "Tags": [
          {
            "Key": "aws-cdk:auto-delete-objects",
            "Value": "true",
          },
        ],
        "VersioningConfiguration": {
          "Status": "Enabled",
        },
      },
      "Type": "AWS::S3::Bucket",
      "UpdateReplacePolicy": "Delete",
    },
    "s3AutoDeleteObjectsCustomResource81F12332": {
      "DeletionPolicy": "Delete",
      "DependsOn": [
        "s3Policy0EE040DB",
      ],
      "Properties": {
        "BucketName": {
          "Ref": "s33540A64F",
        },
        "ServiceToken": {
          "Fn::GetAtt": [
            "CustomS3AutoDeleteObjectsCustomResourceProviderHandler9D90184F",
            "Arn",
          ],
        },
      },
      "Type": "Custom::S3AutoDeleteObjects",
      "UpdateReplacePolicy": "Delete",
    },
    "s3Policy0EE040DB": {
      "Properties": {
        "Bucket": {
          "Ref": "s33540A64F",
        },
        "PolicyDocument": {
          "Statement": [
            {
              "Action": "s3:*",
              "Condition": {
                "Bool": {
                  "aws:SecureTransport": "false",
                },
              },
              "Effect": "Deny",
              "Principal": {
                "AWS": "*",
              },
              "Resource": [
                {
                  "Fn::GetAtt": [
                    "s33540A64F",
                    "Arn",
                  ],
                },
                {
                  "Fn::Join": [
                    "",
                    [
                      {
                        "Fn::GetAtt": [
                          "s33540A64F",
                          "Arn",
                        ],
                      },
                      "/*",
                    ],
                  ],
                },
              ],
            },
            {
              "Action": [
                "s3:PutBucketPolicy",
                "s3:GetBucket*",
                "s3:List*",
                "s3:DeleteObject*",
              ],
              "Effect": "Allow",
              "Principal": {
                "AWS": {
                  "Fn::GetAtt": [
                    "CustomS3AutoDeleteObjectsCustomResourceProviderRole3B1BD092",
                    "Arn",
                  ],
                },
              },
              "Resource": [
                {
                  "Fn::GetAtt": [
                    "s33540A64F",
                    "Arn",
                  ],
                },
                {
                  "Fn::Join": [
                    "",
                    [
                      {
                        "Fn::GetAtt": [
                          "s33540A64F",
                          "Arn",
                        ],
                      },
                      "/*",
                    ],
                  ],
                },
              ],
            },
          ],
          "Version": "2012-10-17",
        },
      },
      "Type": "AWS::S3::BucketPolicy",
    },
  },
  "Rules": {
    "CheckBootstrapVersion": {
      "Assertions": [
        {
          "Assert": {
            "Fn::Not": [
              {
                "Fn::Contains": [
                  [
                    "1",
                    "2",
                    "3",
                    "4",
                    "5",
                  ],
                  {
                    "Ref": "BootstrapVersion",
                  },
                ],
              },
            ],
          },
          "AssertDescription": "CDK bootstrap stack version 6 required. Please run 'cdk bootstrap' with a recent version of the CDK CLI.",
        },
      ],
    },
  },
}
`;

exports[`Matches the snapshot cdkStack 1`] = `
{
  "Parameters": {
    "BootstrapVersion": {
      "Default": "/cdk-bootstrap/hnb659fds/version",
      "Description": "Version of the CDK Bootstrap resources in this environment, automatically retrieved from SSM Parameter Store. [cdk:skip]",
      "Type": "AWS::SSM::Parameter::Value<String>",
    },
  },
  "Resources": {
    "CdkCicdkCIProject56C493C5": {
      "DependsOn": [
        "GithubCredentialsgithubcredentialsDDFAB419",
      ],
      "Properties": {
        "Artifacts": {
          "Type": "NO_ARTIFACTS",
        },
        "BadgeEnabled": true,
        "Cache": {
          "Type": "NO_CACHE",
        },
        "EncryptionKey": "alias/aws/s3",
        "Environment": {
          "ComputeType": "BUILD_GENERAL1_SMALL",
          "EnvironmentVariables": [
            {
              "Name": "TZ",
              "Type": "PLAINTEXT",
              "Value": "Asia/Tokyo",
            },
            {
              "Name": "NODE_VERSION",
              "Type": "PLAINTEXT",
              "Value": "22",
            },
          ],
          "Image": "aws/codebuild/standard:7.0",
          "ImagePullCredentialsType": "CODEBUILD",
          "PrivilegedMode": false,
          "Type": "LINUX_CONTAINER",
        },
        "LogsConfig": {
          "CloudWatchLogs": {
            "GroupName": {
              "Ref": "CdkCicdkcilogB8400E3F",
            },
            "Status": "ENABLED",
          },
        },
        "QueuedTimeoutInMinutes": 60,
        "ServiceRole": {
          "Fn::GetAtt": [
            "CdkCicdkCIProjectRole90A1D54E",
            "Arn",
          ],
        },
        "Source": {
          "BuildSpec": "{
  "version": "0.2",
  "phases": {
    "install": {
      "commands": [
        "echo n version is $(n -V)",
        "n \\"$NODE_VERSION\\"",
        "n exec \\"$NODE_VERSION\\" npm ci"
      ]
    },
    "build": {
      "commands": [
        "n exec \\"$NODE_VERSION\\" npm run format-check",
        "n exec \\"$NODE_VERSION\\" npm run lint-check",
        "n exec \\"$NODE_VERSION\\" npm run test"
      ]
    }
  }
}",
          "Location": "https://github.com/Takapon0407/cdk.git",
          "ReportBuildStatus": true,
          "Type": "GITHUB",
        },
        "TimeoutInMinutes": 30,
        "Triggers": {
          "FilterGroups": [
            [
              {
                "Pattern": "PULL_REQUEST_CREATED",
                "Type": "EVENT",
              },
            ],
            [
              {
                "Pattern": "PULL_REQUEST_UPDATED",
                "Type": "EVENT",
              },
            ],
            [
              {
                "Pattern": "PULL_REQUEST_REOPENED",
                "Type": "EVENT",
              },
            ],
            [
              {
                "Pattern": "PUSH",
                "Type": "EVENT",
              },
              {
                "Pattern": "refs/heads/main",
                "Type": "HEAD_REF",
              },
            ],
          ],
          "Webhook": true,
        },
      },
      "Type": "AWS::CodeBuild::Project",
    },
    "CdkCicdkCIProjectRole90A1D54E": {
      "DependsOn": [
        "GithubCredentialsgithubcredentialsDDFAB419",
      ],
      "Properties": {
        "AssumeRolePolicyDocument": {
          "Statement": [
            {
              "Action": "sts:AssumeRole",
              "Effect": "Allow",
              "Principal": {
                "Service": "codebuild.amazonaws.com",
              },
            },
          ],
          "Version": "2012-10-17",
        },
      },
      "Type": "AWS::IAM::Role",
    },
    "CdkCicdkCIProjectRoleDefaultPolicy9A6FCA49": {
      "DependsOn": [
        "GithubCredentialsgithubcredentialsDDFAB419",
      ],
      "Properties": {
        "PolicyDocument": {
          "Statement": [
            {
              "Action": [
                "logs:CreateLogStream",
                "logs:PutLogEvents",
              ],
              "Effect": "Allow",
              "Resource": {
                "Fn::GetAtt": [
                  "CdkCicdkcilogB8400E3F",
                  "Arn",
                ],
              },
            },
            {
              "Action": [
                "logs:CreateLogGroup",
                "logs:CreateLogStream",
                "logs:PutLogEvents",
              ],
              "Effect": "Allow",
              "Resource": [
                {
                  "Fn::Join": [
                    "",
                    [
                      "arn:",
                      {
                        "Ref": "AWS::Partition",
                      },
                      ":logs:ap-northeast-1:945611748417:log-group:/aws/codebuild/",
                      {
                        "Ref": "CdkCicdkCIProject56C493C5",
                      },
                    ],
                  ],
                },
                {
                  "Fn::Join": [
                    "",
                    [
                      "arn:",
                      {
                        "Ref": "AWS::Partition",
                      },
                      ":logs:ap-northeast-1:945611748417:log-group:/aws/codebuild/",
                      {
                        "Ref": "CdkCicdkCIProject56C493C5",
                      },
                      ":*",
                    ],
                  ],
                },
              ],
            },
            {
              "Action": [
                "codebuild:CreateReportGroup",
                "codebuild:CreateReport",
                "codebuild:UpdateReport",
                "codebuild:BatchPutTestCases",
                "codebuild:BatchPutCodeCoverages",
              ],
              "Effect": "Allow",
              "Resource": {
                "Fn::Join": [
                  "",
                  [
                    "arn:",
                    {
                      "Ref": "AWS::Partition",
                    },
                    ":codebuild:ap-northeast-1:945611748417:report-group/",
                    {
                      "Ref": "CdkCicdkCIProject56C493C5",
                    },
                    "-*",
                  ],
                ],
              },
            },
          ],
          "Version": "2012-10-17",
        },
        "PolicyName": "CdkCicdkCIProjectRoleDefaultPolicy9A6FCA49",
        "Roles": [
          {
            "Ref": "CdkCicdkCIProjectRole90A1D54E",
          },
        ],
      },
      "Type": "AWS::IAM::Policy",
    },
    "CdkCicdkcilogB8400E3F": {
      "DeletionPolicy": "Delete",
      "DependsOn": [
        "GithubCredentialsgithubcredentialsDDFAB419",
      ],
      "Properties": {
        "LogGroupName": "/cdk/ci",
        "RetentionInDays": 7,
      },
      "Type": "AWS::Logs::LogGroup",
      "UpdateReplacePolicy": "Delete",
    },
    "GithubCredentialsgithubcredentialsDDFAB419": {
      "Properties": {
        "AuthType": "PERSONAL_ACCESS_TOKEN",
        "ServerType": "GITHUB",
        "Token": "{{resolve:secretsmanager:github/ci:SecretString:token::}}",
      },
      "Type": "AWS::CodeBuild::SourceCredential",
    },
    "cdkcdkpipelineAssetsFileAsset17D907B67": {
      "Properties": {
        "Artifacts": {
          "Type": "CODEPIPELINE",
        },
        "Cache": {
          "Type": "NO_CACHE",
        },
        "Description": "Pipeline step CdkStack/cdk-pipeline-pipeline/Assets/FileAsset1",
        "EncryptionKey": {
          "Fn::GetAtt": [
            "cdkcdkpipelinepipelineArtifactsBucketEncryptionKeyD6C193DE",
            "Arn",
          ],
        },
        "Environment": {
          "ComputeType": "BUILD_GENERAL1_SMALL",
          "Image": "aws/codebuild/standard:7.0",
          "ImagePullCredentialsType": "CODEBUILD",
          "PrivilegedMode": false,
          "Type": "LINUX_CONTAINER",
        },
        "ServiceRole": {
          "Fn::GetAtt": [
            "cdkcdkpipelineAssetsFileRoleE6D56BD8",
            "Arn",
          ],
        },
        "Source": {
          "BuildSpec": "{
  "version": "0.2",
  "phases": {
    "install": {
      "commands": [
        "npm install -g cdk-assets@latest"
      ]
    },
    "build": {
      "commands": [
        "cdk-assets --path \\"assembly-CdkStack-cdk-prd/CdkStackcdkprdAppStackD8286127.assets.json\\" --verbose publish \\"faa95a81ae7d7373f3e1f242268f904eb748d8d0fdd306e8a6fe515a1905a7d6:945611748417-ap-northeast-1\\""
      ]
    }
  }
}",
          "Type": "CODEPIPELINE",
        },
      },
      "Type": "AWS::CodeBuild::Project",
    },
    "cdkcdkpipelineAssetsFileRoleDefaultPolicyDB4975CF": {
      "Properties": {
        "PolicyDocument": {
          "Statement": [
            {
              "Action": [
                "logs:CreateLogGroup",
                "logs:CreateLogStream",
                "logs:PutLogEvents",
              ],
              "Effect": "Allow",
              "Resource": {
                "Fn::Join": [
                  "",
                  [
                    "arn:",
                    {
                      "Ref": "AWS::Partition",
                    },
                    ":logs:ap-northeast-1:945611748417:log-group:/aws/codebuild/*",
                  ],
                ],
              },
            },
            {
              "Action": [
                "codebuild:CreateReportGroup",
                "codebuild:CreateReport",
                "codebuild:UpdateReport",
                "codebuild:BatchPutTestCases",
                "codebuild:BatchPutCodeCoverages",
              ],
              "Effect": "Allow",
              "Resource": {
                "Fn::Join": [
                  "",
                  [
                    "arn:",
                    {
                      "Ref": "AWS::Partition",
                    },
                    ":codebuild:ap-northeast-1:945611748417:report-group/*",
                  ],
                ],
              },
            },
            {
              "Action": [
                "codebuild:BatchGetBuilds",
                "codebuild:StartBuild",
                "codebuild:StopBuild",
              ],
              "Effect": "Allow",
              "Resource": "*",
            },
            {
              "Action": "sts:AssumeRole",
              "Effect": "Allow",
              "Resource": {
                "Fn::Sub": "arn:\${AWS::Partition}:iam::945611748417:role/cdk-hnb659fds-file-publishing-role-945611748417-ap-northeast-1",
              },
            },
            {
              "Action": [
                "s3:GetObject*",
                "s3:GetBucket*",
                "s3:List*",
              ],
              "Effect": "Allow",
              "Resource": [
                {
                  "Fn::GetAtt": [
                    "cdkcdkpipelinepipelineArtifactsBucket005A3878",
                    "Arn",
                  ],
                },
                {
                  "Fn::Join": [
                    "",
                    [
                      {
                        "Fn::GetAtt": [
                          "cdkcdkpipelinepipelineArtifactsBucket005A3878",
                          "Arn",
                        ],
                      },
                      "/*",
                    ],
                  ],
                },
              ],
            },
            {
              "Action": [
                "kms:Decrypt",
                "kms:DescribeKey",
              ],
              "Effect": "Allow",
              "Resource": {
                "Fn::GetAtt": [
                  "cdkcdkpipelinepipelineArtifactsBucketEncryptionKeyD6C193DE",
                  "Arn",
                ],
              },
            },
          ],
          "Version": "2012-10-17",
        },
        "PolicyName": "cdkcdkpipelineAssetsFileRoleDefaultPolicyDB4975CF",
        "Roles": [
          {
            "Ref": "cdkcdkpipelineAssetsFileRoleE6D56BD8",
          },
        ],
      },
      "Type": "AWS::IAM::Policy",
    },
    "cdkcdkpipelineAssetsFileRoleE6D56BD8": {
      "Properties": {
        "AssumeRolePolicyDocument": {
          "Statement": [
            {
              "Action": "sts:AssumeRole",
              "Effect": "Allow",
              "Principal": {
                "Service": "codebuild.amazonaws.com",
              },
            },
          ],
          "Version": "2012-10-17",
        },
      },
      "Type": "AWS::IAM::Role",
    },
    "cdkcdkpipelineCodeBuildActionRole59994AD7": {
      "Properties": {
        "AssumeRolePolicyDocument": {
          "Statement": [
            {
              "Action": "sts:AssumeRole",
              "Effect": "Allow",
              "Principal": {
                "AWS": {
                  "Fn::GetAtt": [
                    "cdkcdkpipelinepipelineRoleABE63A96",
                    "Arn",
                  ],
                },
              },
            },
          ],
          "Version": "2012-10-17",
        },
      },
      "Type": "AWS::IAM::Role",
    },
    "cdkcdkpipelineCodeBuildActionRoleDefaultPolicyE08B6D3B": {
      "Properties": {
        "PolicyDocument": {
          "Statement": [
            {
              "Action": [
                "codebuild:BatchGetBuilds",
                "codebuild:StartBuild",
                "codebuild:StopBuild",
              ],
              "Effect": "Allow",
              "Resource": {
                "Fn::GetAtt": [
                  "cdkcdkpipelinepipelineBuildSynthCdkBuildProject8CE06E0D",
                  "Arn",
                ],
              },
            },
            {
              "Action": [
                "codebuild:BatchGetBuilds",
                "codebuild:StartBuild",
                "codebuild:StopBuild",
              ],
              "Effect": "Allow",
              "Resource": {
                "Fn::GetAtt": [
                  "cdkcdkpipelineUpdatePipelineSelfMutation38AB0EC5",
                  "Arn",
                ],
              },
            },
            {
              "Action": [
                "codebuild:BatchGetBuilds",
                "codebuild:StartBuild",
                "codebuild:StopBuild",
              ],
              "Effect": "Allow",
              "Resource": {
                "Fn::GetAtt": [
                  "cdkcdkpipelineAssetsFileAsset17D907B67",
                  "Arn",
                ],
              },
            },
          ],
          "Version": "2012-10-17",
        },
        "PolicyName": "cdkcdkpipelineCodeBuildActionRoleDefaultPolicyE08B6D3B",
        "Roles": [
          {
            "Ref": "cdkcdkpipelineCodeBuildActionRole59994AD7",
          },
        ],
      },
      "Type": "AWS::IAM::Policy",
    },
    "cdkcdkpipelineUpdatePipelineSelfMutation38AB0EC5": {
      "Properties": {
        "Artifacts": {
          "Type": "CODEPIPELINE",
        },
        "Cache": {
          "Type": "NO_CACHE",
        },
        "Description": "Pipeline step CdkStack/cdk-pipeline-pipeline/UpdatePipeline/SelfMutate",
        "EncryptionKey": {
          "Fn::GetAtt": [
            "cdkcdkpipelinepipelineArtifactsBucketEncryptionKeyD6C193DE",
            "Arn",
          ],
        },
        "Environment": {
          "ComputeType": "BUILD_GENERAL1_SMALL",
          "Image": "aws/codebuild/standard:7.0",
          "ImagePullCredentialsType": "CODEBUILD",
          "PrivilegedMode": false,
          "Type": "LINUX_CONTAINER",
        },
        "ServiceRole": {
          "Fn::GetAtt": [
            "cdkcdkpipelineUpdatePipelineSelfMutationRole73AFD236",
            "Arn",
          ],
        },
        "Source": {
          "BuildSpec": "{
  "version": "0.2",
  "phases": {
    "install": {
      "commands": [
        "npm install -g aws-cdk@2"
      ]
    },
    "build": {
      "commands": [
        "cdk -a . deploy CdkStack --require-approval=never --verbose"
      ]
    }
  }
}",
          "Type": "CODEPIPELINE",
        },
      },
      "Type": "AWS::CodeBuild::Project",
    },
    "cdkcdkpipelineUpdatePipelineSelfMutationRole73AFD236": {
      "Properties": {
        "AssumeRolePolicyDocument": {
          "Statement": [
            {
              "Action": "sts:AssumeRole",
              "Effect": "Allow",
              "Principal": {
                "Service": "codebuild.amazonaws.com",
              },
            },
          ],
          "Version": "2012-10-17",
        },
      },
      "Type": "AWS::IAM::Role",
    },
    "cdkcdkpipelineUpdatePipelineSelfMutationRoleDefaultPolicyC98E90C1": {
      "Properties": {
        "PolicyDocument": {
          "Statement": [
            {
              "Action": [
                "logs:CreateLogGroup",
                "logs:CreateLogStream",
                "logs:PutLogEvents",
              ],
              "Effect": "Allow",
              "Resource": [
                {
                  "Fn::Join": [
                    "",
                    [
                      "arn:",
                      {
                        "Ref": "AWS::Partition",
                      },
                      ":logs:ap-northeast-1:945611748417:log-group:/aws/codebuild/",
                      {
                        "Ref": "cdkcdkpipelineUpdatePipelineSelfMutation38AB0EC5",
                      },
                    ],
                  ],
                },
                {
                  "Fn::Join": [
                    "",
                    [
                      "arn:",
                      {
                        "Ref": "AWS::Partition",
                      },
                      ":logs:ap-northeast-1:945611748417:log-group:/aws/codebuild/",
                      {
                        "Ref": "cdkcdkpipelineUpdatePipelineSelfMutation38AB0EC5",
                      },
                      ":*",
                    ],
                  ],
                },
              ],
            },
            {
              "Action": [
                "codebuild:CreateReportGroup",
                "codebuild:CreateReport",
                "codebuild:UpdateReport",
                "codebuild:BatchPutTestCases",
                "codebuild:BatchPutCodeCoverages",
              ],
              "Effect": "Allow",
              "Resource": {
                "Fn::Join": [
                  "",
                  [
                    "arn:",
                    {
                      "Ref": "AWS::Partition",
                    },
                    ":codebuild:ap-northeast-1:945611748417:report-group/",
                    {
                      "Ref": "cdkcdkpipelineUpdatePipelineSelfMutation38AB0EC5",
                    },
                    "-*",
                  ],
                ],
              },
            },
            {
              "Action": "sts:AssumeRole",
              "Condition": {
                "ForAnyValue:StringEquals": {
                  "iam:ResourceTag/aws-cdk:bootstrap-role": [
                    "image-publishing",
                    "file-publishing",
                    "deploy",
                  ],
                },
              },
              "Effect": "Allow",
              "Resource": "arn:*:iam::945611748417:role/*",
            },
            {
              "Action": "cloudformation:DescribeStacks",
              "Effect": "Allow",
              "Resource": "*",
            },
            {
              "Action": "s3:ListBucket",
              "Effect": "Allow",
              "Resource": "*",
            },
            {
              "Action": [
                "s3:GetObject*",
                "s3:GetBucket*",
                "s3:List*",
              ],
              "Effect": "Allow",
              "Resource": [
                {
                  "Fn::GetAtt": [
                    "cdkcdkpipelinepipelineArtifactsBucket005A3878",
                    "Arn",
                  ],
                },
                {
                  "Fn::Join": [
                    "",
                    [
                      {
                        "Fn::GetAtt": [
                          "cdkcdkpipelinepipelineArtifactsBucket005A3878",
                          "Arn",
                        ],
                      },
                      "/*",
                    ],
                  ],
                },
              ],
            },
            {
              "Action": [
                "kms:Decrypt",
                "kms:DescribeKey",
              ],
              "Effect": "Allow",
              "Resource": {
                "Fn::GetAtt": [
                  "cdkcdkpipelinepipelineArtifactsBucketEncryptionKeyD6C193DE",
                  "Arn",
                ],
              },
            },
            {
              "Action": [
                "kms:Decrypt",
                "kms:Encrypt",
                "kms:ReEncrypt*",
                "kms:GenerateDataKey*",
              ],
              "Effect": "Allow",
              "Resource": {
                "Fn::GetAtt": [
                  "cdkcdkpipelinepipelineArtifactsBucketEncryptionKeyD6C193DE",
                  "Arn",
                ],
              },
            },
          ],
          "Version": "2012-10-17",
        },
        "PolicyName": "cdkcdkpipelineUpdatePipelineSelfMutationRoleDefaultPolicyC98E90C1",
        "Roles": [
          {
            "Ref": "cdkcdkpipelineUpdatePipelineSelfMutationRole73AFD236",
          },
        ],
      },
      "Type": "AWS::IAM::Policy",
    },
    "cdkcdkpipelineconnection17C5968C": {
      "Properties": {
        "ConnectionName": "cdk-pipeline-connection",
        "ProviderType": "GitHub",
      },
      "Type": "AWS::CodeConnections::Connection",
    },
    "cdkcdkpipelinepipelineArtifactsBucket005A3878": {
      "DeletionPolicy": "Retain",
      "Properties": {
        "BucketEncryption": {
          "ServerSideEncryptionConfiguration": [
            {
              "ServerSideEncryptionByDefault": {
                "KMSMasterKeyID": {
                  "Fn::GetAtt": [
                    "cdkcdkpipelinepipelineArtifactsBucketEncryptionKeyD6C193DE",
                    "Arn",
                  ],
                },
                "SSEAlgorithm": "aws:kms",
              },
            },
          ],
        },
        "PublicAccessBlockConfiguration": {
          "BlockPublicAcls": true,
          "BlockPublicPolicy": true,
          "IgnorePublicAcls": true,
          "RestrictPublicBuckets": true,
        },
      },
      "Type": "AWS::S3::Bucket",
      "UpdateReplacePolicy": "Retain",
    },
    "cdkcdkpipelinepipelineArtifactsBucketEncryptionKeyAlias76C192B4": {
      "DeletionPolicy": "Delete",
      "Properties": {
        "AliasName": "alias/codepipeline-cdkstackcdkcdkpipelinepipelinecf68639f",
        "TargetKeyId": {
          "Fn::GetAtt": [
            "cdkcdkpipelinepipelineArtifactsBucketEncryptionKeyD6C193DE",
            "Arn",
          ],
        },
      },
      "Type": "AWS::KMS::Alias",
      "UpdateReplacePolicy": "Delete",
    },
    "cdkcdkpipelinepipelineArtifactsBucketEncryptionKeyD6C193DE": {
      "DeletionPolicy": "Delete",
      "Properties": {
        "KeyPolicy": {
          "Statement": [
            {
              "Action": "kms:*",
              "Effect": "Allow",
              "Principal": {
                "AWS": {
                  "Fn::Join": [
                    "",
                    [
                      "arn:",
                      {
                        "Ref": "AWS::Partition",
                      },
                      ":iam::945611748417:root",
                    ],
                  ],
                },
              },
              "Resource": "*",
            },
            {
              "Action": [
                "kms:Decrypt",
                "kms:DescribeKey",
              ],
              "Effect": "Allow",
              "Principal": {
                "AWS": {
                  "Fn::Join": [
                    "",
                    [
                      "arn:",
                      {
                        "Ref": "AWS::Partition",
                      },
                      ":iam::945611748417:role/cdk-hnb659fds-deploy-role-945611748417-ap-northeast-1",
                    ],
                  ],
                },
              },
              "Resource": "*",
            },
          ],
          "Version": "2012-10-17",
        },
      },
      "Type": "AWS::KMS::Key",
      "UpdateReplacePolicy": "Delete",
    },
    "cdkcdkpipelinepipelineArtifactsBucketPolicy3A822882": {
      "Properties": {
        "Bucket": {
          "Ref": "cdkcdkpipelinepipelineArtifactsBucket005A3878",
        },
        "PolicyDocument": {
          "Statement": [
            {
              "Action": "s3:*",
              "Condition": {
                "Bool": {
                  "aws:SecureTransport": "false",
                },
              },
              "Effect": "Deny",
              "Principal": {
                "AWS": "*",
              },
              "Resource": [
                {
                  "Fn::GetAtt": [
                    "cdkcdkpipelinepipelineArtifactsBucket005A3878",
                    "Arn",
                  ],
                },
                {
                  "Fn::Join": [
                    "",
                    [
                      {
                        "Fn::GetAtt": [
                          "cdkcdkpipelinepipelineArtifactsBucket005A3878",
                          "Arn",
                        ],
                      },
                      "/*",
                    ],
                  ],
                },
              ],
            },
            {
              "Action": [
                "s3:GetObject*",
                "s3:GetBucket*",
                "s3:List*",
              ],
              "Effect": "Allow",
              "Principal": {
                "AWS": {
                  "Fn::Join": [
                    "",
                    [
                      "arn:",
                      {
                        "Ref": "AWS::Partition",
                      },
                      ":iam::945611748417:role/cdk-hnb659fds-deploy-role-945611748417-ap-northeast-1",
                    ],
                  ],
                },
              },
              "Resource": [
                {
                  "Fn::GetAtt": [
                    "cdkcdkpipelinepipelineArtifactsBucket005A3878",
                    "Arn",
                  ],
                },
                {
                  "Fn::Join": [
                    "",
                    [
                      {
                        "Fn::GetAtt": [
                          "cdkcdkpipelinepipelineArtifactsBucket005A3878",
                          "Arn",
                        ],
                      },
                      "/*",
                    ],
                  ],
                },
              ],
            },
          ],
          "Version": "2012-10-17",
        },
      },
      "Type": "AWS::S3::BucketPolicy",
    },
    "cdkcdkpipelinepipelineBuildSynthCdkBuildProject8CE06E0D": {
      "Properties": {
        "Artifacts": {
          "Type": "CODEPIPELINE",
        },
        "Cache": {
          "Type": "NO_CACHE",
        },
        "Description": "Pipeline step CdkStack/cdk-pipeline-pipeline/Build/Synth",
        "EncryptionKey": {
          "Fn::GetAtt": [
            "cdkcdkpipelinepipelineArtifactsBucketEncryptionKeyD6C193DE",
            "Arn",
          ],
        },
        "Environment": {
          "ComputeType": "BUILD_GENERAL1_SMALL",
          "Image": "aws/codebuild/standard:7.0",
          "ImagePullCredentialsType": "CODEBUILD",
          "PrivilegedMode": false,
          "Type": "LINUX_CONTAINER",
        },
        "ServiceRole": {
          "Fn::GetAtt": [
            "cdkcdkpipelinepipelineBuildSynthCdkBuildProjectRole8C2D580F",
            "Arn",
          ],
        },
        "Source": {
          "BuildSpec": "{
  "version": "0.2",
  "phases": {
    "build": {
      "commands": [
        "npm ci",
        "npm run build",
        "npm run cdk synth"
      ]
    }
  },
  "artifacts": {
    "base-directory": "cdk.out",
    "files": "**/*"
  }
}",
          "Type": "CODEPIPELINE",
        },
      },
      "Type": "AWS::CodeBuild::Project",
    },
    "cdkcdkpipelinepipelineBuildSynthCdkBuildProjectRole8C2D580F": {
      "Properties": {
        "AssumeRolePolicyDocument": {
          "Statement": [
            {
              "Action": "sts:AssumeRole",
              "Effect": "Allow",
              "Principal": {
                "Service": "codebuild.amazonaws.com",
              },
            },
          ],
          "Version": "2012-10-17",
        },
      },
      "Type": "AWS::IAM::Role",
    },
    "cdkcdkpipelinepipelineBuildSynthCdkBuildProjectRoleDefaultPolicyFB2B60AF": {
      "Properties": {
        "PolicyDocument": {
          "Statement": [
            {
              "Action": [
                "logs:CreateLogGroup",
                "logs:CreateLogStream",
                "logs:PutLogEvents",
              ],
              "Effect": "Allow",
              "Resource": [
                {
                  "Fn::Join": [
                    "",
                    [
                      "arn:",
                      {
                        "Ref": "AWS::Partition",
                      },
                      ":logs:ap-northeast-1:945611748417:log-group:/aws/codebuild/",
                      {
                        "Ref": "cdkcdkpipelinepipelineBuildSynthCdkBuildProject8CE06E0D",
                      },
                    ],
                  ],
                },
                {
                  "Fn::Join": [
                    "",
                    [
                      "arn:",
                      {
                        "Ref": "AWS::Partition",
                      },
                      ":logs:ap-northeast-1:945611748417:log-group:/aws/codebuild/",
                      {
                        "Ref": "cdkcdkpipelinepipelineBuildSynthCdkBuildProject8CE06E0D",
                      },
                      ":*",
                    ],
                  ],
                },
              ],
            },
            {
              "Action": [
                "codebuild:CreateReportGroup",
                "codebuild:CreateReport",
                "codebuild:UpdateReport",
                "codebuild:BatchPutTestCases",
                "codebuild:BatchPutCodeCoverages",
              ],
              "Effect": "Allow",
              "Resource": {
                "Fn::Join": [
                  "",
                  [
                    "arn:",
                    {
                      "Ref": "AWS::Partition",
                    },
                    ":codebuild:ap-northeast-1:945611748417:report-group/",
                    {
                      "Ref": "cdkcdkpipelinepipelineBuildSynthCdkBuildProject8CE06E0D",
                    },
                    "-*",
                  ],
                ],
              },
            },
            {
              "Action": [
                "s3:GetObject*",
                "s3:GetBucket*",
                "s3:List*",
                "s3:DeleteObject*",
                "s3:PutObject",
                "s3:PutObjectLegalHold",
                "s3:PutObjectRetention",
                "s3:PutObjectTagging",
                "s3:PutObjectVersionTagging",
                "s3:Abort*",
              ],
              "Effect": "Allow",
              "Resource": [
                {
                  "Fn::GetAtt": [
                    "cdkcdkpipelinepipelineArtifactsBucket005A3878",
                    "Arn",
                  ],
                },
                {
                  "Fn::Join": [
                    "",
                    [
                      {
                        "Fn::GetAtt": [
                          "cdkcdkpipelinepipelineArtifactsBucket005A3878",
                          "Arn",
                        ],
                      },
                      "/*",
                    ],
                  ],
                },
              ],
            },
            {
              "Action": [
                "kms:Decrypt",
                "kms:DescribeKey",
                "kms:Encrypt",
                "kms:ReEncrypt*",
                "kms:GenerateDataKey*",
              ],
              "Effect": "Allow",
              "Resource": {
                "Fn::GetAtt": [
                  "cdkcdkpipelinepipelineArtifactsBucketEncryptionKeyD6C193DE",
                  "Arn",
                ],
              },
            },
            {
              "Action": [
                "kms:Decrypt",
                "kms:Encrypt",
                "kms:ReEncrypt*",
                "kms:GenerateDataKey*",
              ],
              "Effect": "Allow",
              "Resource": {
                "Fn::GetAtt": [
                  "cdkcdkpipelinepipelineArtifactsBucketEncryptionKeyD6C193DE",
                  "Arn",
                ],
              },
            },
          ],
          "Version": "2012-10-17",
        },
        "PolicyName": "cdkcdkpipelinepipelineBuildSynthCdkBuildProjectRoleDefaultPolicyFB2B60AF",
        "Roles": [
          {
            "Ref": "cdkcdkpipelinepipelineBuildSynthCdkBuildProjectRole8C2D580F",
          },
        ],
      },
      "Type": "AWS::IAM::Policy",
    },
    "cdkcdkpipelinepipelineED1920EB": {
      "DependsOn": [
        "cdkcdkpipelinepipelineRoleDefaultPolicy2CB5D01C",
        "cdkcdkpipelinepipelineRoleABE63A96",
      ],
      "Properties": {
        "ArtifactStore": {
          "EncryptionKey": {
            "Id": {
              "Fn::GetAtt": [
                "cdkcdkpipelinepipelineArtifactsBucketEncryptionKeyD6C193DE",
                "Arn",
              ],
            },
            "Type": "KMS",
          },
          "Location": {
            "Ref": "cdkcdkpipelinepipelineArtifactsBucket005A3878",
          },
          "Type": "S3",
        },
        "PipelineType": "V2",
        "RestartExecutionOnUpdate": false,
        "RoleArn": {
          "Fn::GetAtt": [
            "cdkcdkpipelinepipelineRoleABE63A96",
            "Arn",
          ],
        },
        "Stages": [
          {
            "Actions": [
              {
                "ActionTypeId": {
                  "Category": "Source",
                  "Owner": "AWS",
                  "Provider": "CodeStarSourceConnection",
                  "Version": "1",
                },
                "Configuration": {
                  "BranchName": "main",
                  "ConnectionArn": "arn:aws:codeconnections:ap-northeast-1:945611748417:connection/d21725d1-5940-4a2c-8024-b0830305527f",
                  "DetectChanges": true,
                  "FullRepositoryId": "Takapon0407/cdk",
                },
                "Name": "Takapon0407_cdk",
                "OutputArtifacts": [
                  {
                    "Name": "Takapon0407_cdk_Source",
                  },
                ],
                "RoleArn": {
                  "Fn::GetAtt": [
                    "cdkcdkpipelinepipelineSourceTakapon0407cdkCodePipelineActionRoleAAAEC086",
                    "Arn",
                  ],
                },
                "RunOrder": 1,
              },
            ],
            "Name": "Source",
          },
          {
            "Actions": [
              {
                "ActionTypeId": {
                  "Category": "Build",
                  "Owner": "AWS",
                  "Provider": "CodeBuild",
                  "Version": "1",
                },
                "Configuration": {
                  "EnvironmentVariables": "[{"name":"_PROJECT_CONFIG_HASH","type":"PLAINTEXT","value":"715348d97cc9117577184fc4a82152b539c99dc6c30336e09a236e17179d0cd2"}]",
                  "ProjectName": {
                    "Ref": "cdkcdkpipelinepipelineBuildSynthCdkBuildProject8CE06E0D",
                  },
                },
                "InputArtifacts": [
                  {
                    "Name": "Takapon0407_cdk_Source",
                  },
                ],
                "Name": "Synth",
                "OutputArtifacts": [
                  {
                    "Name": "Synth_Output",
                  },
                ],
                "RoleArn": {
                  "Fn::GetAtt": [
                    "cdkcdkpipelineCodeBuildActionRole59994AD7",
                    "Arn",
                  ],
                },
                "RunOrder": 1,
              },
            ],
            "Name": "Build",
          },
          {
            "Actions": [
              {
                "ActionTypeId": {
                  "Category": "Build",
                  "Owner": "AWS",
                  "Provider": "CodeBuild",
                  "Version": "1",
                },
                "Configuration": {
                  "EnvironmentVariables": "[{"name":"_PROJECT_CONFIG_HASH","type":"PLAINTEXT","value":"419cf50fa98c54d85a4817e542aa488f33cdf622e20b3803feec614a6c2ccdc4"}]",
                  "ProjectName": {
                    "Ref": "cdkcdkpipelineUpdatePipelineSelfMutation38AB0EC5",
                  },
                },
                "InputArtifacts": [
                  {
                    "Name": "Synth_Output",
                  },
                ],
                "Name": "SelfMutate",
                "RoleArn": {
                  "Fn::GetAtt": [
                    "cdkcdkpipelineCodeBuildActionRole59994AD7",
                    "Arn",
                  ],
                },
                "RunOrder": 1,
              },
            ],
            "Name": "UpdatePipeline",
          },
          {
            "Actions": [
              {
                "ActionTypeId": {
                  "Category": "Build",
                  "Owner": "AWS",
                  "Provider": "CodeBuild",
                  "Version": "1",
                },
                "Configuration": {
                  "ProjectName": {
                    "Ref": "cdkcdkpipelineAssetsFileAsset17D907B67",
                  },
                },
                "InputArtifacts": [
                  {
                    "Name": "Synth_Output",
                  },
                ],
                "Name": "FileAsset1",
                "RoleArn": {
                  "Fn::GetAtt": [
                    "cdkcdkpipelineCodeBuildActionRole59994AD7",
                    "Arn",
                  ],
                },
                "RunOrder": 1,
              },
            ],
            "Name": "Assets",
          },
          {
            "Actions": [
              {
                "ActionTypeId": {
                  "Category": "Deploy",
                  "Owner": "AWS",
                  "Provider": "CloudFormation",
                  "Version": "1",
                },
                "Configuration": {
                  "ActionMode": "CHANGE_SET_REPLACE",
                  "Capabilities": "CAPABILITY_NAMED_IAM,CAPABILITY_AUTO_EXPAND",
                  "ChangeSetName": "PipelineChange",
                  "RoleArn": {
                    "Fn::Join": [
                      "",
                      [
                        "arn:",
                        {
                          "Ref": "AWS::Partition",
                        },
                        ":iam::945611748417:role/cdk-hnb659fds-cfn-exec-role-945611748417-ap-northeast-1",
                      ],
                    ],
                  },
                  "StackName": "prd-AppStack",
                  "TemplatePath": "Synth_Output::assembly-CdkStack-cdk-prd/CdkStackcdkprdAppStackD8286127.template.json",
                },
                "InputArtifacts": [
                  {
                    "Name": "Synth_Output",
                  },
                ],
                "Name": "Prepare",
                "RoleArn": {
                  "Fn::Join": [
                    "",
                    [
                      "arn:",
                      {
                        "Ref": "AWS::Partition",
                      },
                      ":iam::945611748417:role/cdk-hnb659fds-deploy-role-945611748417-ap-northeast-1",
                    ],
                  ],
                },
                "RunOrder": 1,
              },
              {
                "ActionTypeId": {
                  "Category": "Deploy",
                  "Owner": "AWS",
                  "Provider": "CloudFormation",
                  "Version": "1",
                },
                "Configuration": {
                  "ActionMode": "CHANGE_SET_EXECUTE",
                  "ChangeSetName": "PipelineChange",
                  "StackName": "prd-AppStack",
                },
                "Name": "Deploy",
                "RoleArn": {
                  "Fn::Join": [
                    "",
                    [
                      "arn:",
                      {
                        "Ref": "AWS::Partition",
                      },
                      ":iam::945611748417:role/cdk-hnb659fds-deploy-role-945611748417-ap-northeast-1",
                    ],
                  ],
                },
                "RunOrder": 2,
              },
            ],
            "Name": "prd",
          },
        ],
      },
      "Type": "AWS::CodePipeline::Pipeline",
    },
    "cdkcdkpipelinepipelineRoleABE63A96": {
      "Properties": {
        "AssumeRolePolicyDocument": {
          "Statement": [
            {
              "Action": "sts:AssumeRole",
              "Effect": "Allow",
              "Principal": {
                "Service": "codepipeline.amazonaws.com",
              },
            },
          ],
          "Version": "2012-10-17",
        },
      },
      "Type": "AWS::IAM::Role",
    },
    "cdkcdkpipelinepipelineRoleDefaultPolicy2CB5D01C": {
      "Properties": {
        "PolicyDocument": {
          "Statement": [
            {
              "Action": [
                "s3:GetObject*",
                "s3:GetBucket*",
                "s3:List*",
                "s3:DeleteObject*",
                "s3:PutObject",
                "s3:PutObjectLegalHold",
                "s3:PutObjectRetention",
                "s3:PutObjectTagging",
                "s3:PutObjectVersionTagging",
                "s3:Abort*",
              ],
              "Effect": "Allow",
              "Resource": [
                {
                  "Fn::GetAtt": [
                    "cdkcdkpipelinepipelineArtifactsBucket005A3878",
                    "Arn",
                  ],
                },
                {
                  "Fn::Join": [
                    "",
                    [
                      {
                        "Fn::GetAtt": [
                          "cdkcdkpipelinepipelineArtifactsBucket005A3878",
                          "Arn",
                        ],
                      },
                      "/*",
                    ],
                  ],
                },
              ],
            },
            {
              "Action": [
                "kms:Decrypt",
                "kms:DescribeKey",
                "kms:Encrypt",
                "kms:ReEncrypt*",
                "kms:GenerateDataKey*",
              ],
              "Effect": "Allow",
              "Resource": {
                "Fn::GetAtt": [
                  "cdkcdkpipelinepipelineArtifactsBucketEncryptionKeyD6C193DE",
                  "Arn",
                ],
              },
            },
            {
              "Action": "sts:AssumeRole",
              "Effect": "Allow",
              "Resource": {
                "Fn::GetAtt": [
                  "cdkcdkpipelinepipelineSourceTakapon0407cdkCodePipelineActionRoleAAAEC086",
                  "Arn",
                ],
              },
            },
            {
              "Action": "sts:AssumeRole",
              "Effect": "Allow",
              "Resource": {
                "Fn::GetAtt": [
                  "cdkcdkpipelineCodeBuildActionRole59994AD7",
                  "Arn",
                ],
              },
            },
            {
              "Action": "sts:AssumeRole",
              "Effect": "Allow",
              "Resource": {
                "Fn::Join": [
                  "",
                  [
                    "arn:",
                    {
                      "Ref": "AWS::Partition",
                    },
                    ":iam::945611748417:role/cdk-hnb659fds-deploy-role-945611748417-ap-northeast-1",
                  ],
                ],
              },
            },
          ],
          "Version": "2012-10-17",
        },
        "PolicyName": "cdkcdkpipelinepipelineRoleDefaultPolicy2CB5D01C",
        "Roles": [
          {
            "Ref": "cdkcdkpipelinepipelineRoleABE63A96",
          },
        ],
      },
      "Type": "AWS::IAM::Policy",
    },
    "cdkcdkpipelinepipelineSourceTakapon0407cdkCodePipelineActionRoleAAAEC086": {
      "Properties": {
        "AssumeRolePolicyDocument": {
          "Statement": [
            {
              "Action": "sts:AssumeRole",
              "Effect": "Allow",
              "Principal": {
                "AWS": {
                  "Fn::Join": [
                    "",
                    [
                      "arn:",
                      {
                        "Ref": "AWS::Partition",
                      },
                      ":iam::945611748417:root",
                    ],
                  ],
                },
              },
            },
          ],
          "Version": "2012-10-17",
        },
      },
      "Type": "AWS::IAM::Role",
    },
    "cdkcdkpipelinepipelineSourceTakapon0407cdkCodePipelineActionRoleDefaultPolicyBAEB546D": {
      "Properties": {
        "PolicyDocument": {
          "Statement": [
            {
              "Action": "codestar-connections:UseConnection",
              "Effect": "Allow",
              "Resource": "arn:aws:codeconnections:ap-northeast-1:945611748417:connection/d21725d1-5940-4a2c-8024-b0830305527f",
            },
            {
              "Action": [
                "s3:GetObject*",
                "s3:GetBucket*",
                "s3:List*",
                "s3:DeleteObject*",
                "s3:PutObject",
                "s3:PutObjectLegalHold",
                "s3:PutObjectRetention",
                "s3:PutObjectTagging",
                "s3:PutObjectVersionTagging",
                "s3:Abort*",
              ],
              "Effect": "Allow",
              "Resource": [
                {
                  "Fn::GetAtt": [
                    "cdkcdkpipelinepipelineArtifactsBucket005A3878",
                    "Arn",
                  ],
                },
                {
                  "Fn::Join": [
                    "",
                    [
                      {
                        "Fn::GetAtt": [
                          "cdkcdkpipelinepipelineArtifactsBucket005A3878",
                          "Arn",
                        ],
                      },
                      "/*",
                    ],
                  ],
                },
              ],
            },
            {
              "Action": [
                "kms:Decrypt",
                "kms:DescribeKey",
                "kms:Encrypt",
                "kms:ReEncrypt*",
                "kms:GenerateDataKey*",
              ],
              "Effect": "Allow",
              "Resource": {
                "Fn::GetAtt": [
                  "cdkcdkpipelinepipelineArtifactsBucketEncryptionKeyD6C193DE",
                  "Arn",
                ],
              },
            },
            {
              "Action": [
                "s3:PutObjectAcl",
                "s3:PutObjectVersionAcl",
              ],
              "Effect": "Allow",
              "Resource": {
                "Fn::Join": [
                  "",
                  [
                    {
                      "Fn::GetAtt": [
                        "cdkcdkpipelinepipelineArtifactsBucket005A3878",
                        "Arn",
                      ],
                    },
                    "/*",
                  ],
                ],
              },
            },
          ],
          "Version": "2012-10-17",
        },
        "PolicyName": "cdkcdkpipelinepipelineSourceTakapon0407cdkCodePipelineActionRoleDefaultPolicyBAEB546D",
        "Roles": [
          {
            "Ref": "cdkcdkpipelinepipelineSourceTakapon0407cdkCodePipelineActionRoleAAAEC086",
          },
        ],
      },
      "Type": "AWS::IAM::Policy",
    },
  },
  "Rules": {
    "CheckBootstrapVersion": {
      "Assertions": [
        {
          "Assert": {
            "Fn::Not": [
              {
                "Fn::Contains": [
                  [
                    "1",
                    "2",
                    "3",
                    "4",
                    "5",
                  ],
                  {
                    "Ref": "BootstrapVersion",
                  },
                ],
              },
            ],
          },
          "AssertDescription": "CDK bootstrap stack version 6 required. Please run 'cdk bootstrap' with a recent version of the CDK CLI.",
        },
      ],
    },
  },
}
`;
